.next/dev/types/validator.ts(51,39): error TS2307: Cannot find module '../../../src/app/(dashboard)/onboarding/page.js' or its corresponding type declarations.
.next/types/validator.ts(51,39): error TS2307: Cannot find module '../../src/app/(dashboard)/onboarding/page.js' or its corresponding type declarations.
